src\api-amplify.ts|5472
src\api.ts|13746
src\api.ts.fixed|12846
src\App.tsx|6953
src\aws-exports-clean.js|1370
src\aws-exports.js|2441
src\aws-exports.js.bak|2375
src\env.variables.ts|508
src\index.css|2048
src\index.html|449
src\main.tsx|4100
src\main.tsx.bak|726
src\sendProjectsForPM.ts|1843
src\tailwind.css|404
src\theme.ts|226
src\vite-env.d.ts|256
src\assets\ikusi-logo.png|23332
src\assets\icons\favicon-dark-16.png|680
src\assets\icons\favicon-dark.png|1247
src\assets\icons\favicon-light-16.png|631
src\assets\icons\favicon-light.png|1305
src\components\AuthDebugger.tsx|2281
src\components\Button.tsx|1633
src\components\DashboardTester.tsx|6977
src\components\DocumentStatus.tsx|3190
src\components\DynamoProjectsView.tsx|4518
src\components\EmailInputDialog.tsx|3115
src\components\Header.tsx|5825
src\components\Login.tsx|0
src\components\PDFPreview.tsx|5796
src\components\PMProjectManager.tsx|11961
src\components\ProjectTable.tsx|1844
src\components\Shell.tsx|1615
src\components\StatusChip.tsx|933
src\components\ActaButtons\ActaButtons.tsx|5882
src\components\App\index.stories.tsx|289
src\components\App\index.tsx|1112
src\components\App\styles.ts|292
src\components\AppHooksWrapper\index.tsx|193
src\components\Button\index.tsx|551
src\components\Button\types.ts|666
src\components\Counter\index.tsx|443
src\components\Counter\types.ts|308
src\components\LoadingMessage\index.stories.tsx|558
src\components\LoadingMessage\index.tsx|601
src\components\PDFPreview\index.ts|41
src\components\PDFPreview\index.tsx|41
src\components\PDFPreview\PDFPreview.tsx|2769
src\components\PDFPreview\PDFViewerCore.tsx|5949
src\hooks\useAuth.ts|3242
src\hooks\useAuthContext.tsx|2183
src\hooks\useIdleLogout.ts|890
src\hooks\useThemedFavicon.ts|767
src\lib\api-amplify.ts|5472
src\lib\api.ts|15048
src\lib\api.ts.fixed|12846
src\pages\AdminDashboard.tsx|7739
src\pages\Dashboard.tsx|9729
src\pages\Login.tsx|22452
src\styles\amplify-overrides.css|253
src\styles\variables.css|4192
src\types\window.d.ts|82
src\utils\authFlowTest.ts|3471
src\utils\authTesting.ts|3169
src\utils\backendDiagnostic.ts|2059
src\utils\dashboardTesting.ts|43425
src\utils\fetchWrapper.ts|3627
public\ACTA-UI Dashboard.md|10271
public\api-diagnostic.js|4039
public\auth-flow-test.js|6678
public\auth-role-validation-test.js|5659
public\aws-exports.js|3676
public\button-functionality-test.js|7175
public\button-test-runner.html|15806
public\comprehensive-auth-api-test.js|6513
public\dynamo-connectivity-test.html|18331
public\index.html|424
public\navigation-button-test.js|8859
public\production-readiness-validation.js|8004
public\robots.txt|23
public\assets\ikusi-logo.png|23332
public\assets\icons\favicon-dark-16.png|680
public\assets\icons\favicon-dark.png|1247
public\assets\icons\favicon-light-16.png|631
public\assets\icons\favicon-light.png|1305
dist\ACTA-UI Dashboard.md|10271
dist\api-diagnostic.js|4039
dist\auth-flow-test.js|6678
dist\auth-role-validation-test.js|5659
dist\aws-exports.js|3676
dist\button-functionality-test.js|7175
dist\button-test-runner.html|15806
dist\comprehensive-auth-api-test.js|6513
dist\dynamo-connectivity-test.html|18331
dist\index.html|829
dist\navigation-button-test.js|8859
dist\production-readiness-validation.js|8004
dist\robots.txt|23
dist\assets\chunk-D8vxuQkl.js|8484
dist\assets\chunk-oPMUfnhW.js|126022
dist\assets\chunk-UNRytOZD.js|134373
dist\assets\ikusi-logo.png|23332
dist\assets\index-C8xPrA9D.css|351917
dist\assets\index-CiyI2hSn.js|753792
dist\assets\PDFPreview-CsNHLXAq.js|3320
dist\assets\icons\favicon-dark-16.png|680
dist\assets\icons\favicon-dark.png|1247
dist\assets\icons\favicon-light-16.png|631
dist\assets\icons\favicon-light.png|1305
scripts\apigateway-cors-fix.sh|5321
scripts\apigateway-security-policy.sh|4102
scripts\bootstrap_upscale.sh|7040
scripts\check-env.ts|591
scripts\check_css.sh|410
scripts\cloudfront-header-fix.sh|3520
scripts\custom-origin-request-policy.json|372
scripts\debug-api-detailed.sh|1284
scripts\disable-conflicting-workflows.sh|1661
scripts\emergency-cors-fix.sh|1189
scripts\fix-all-cors.sh|4115
scripts\prepare.cjs|308
scripts\quick-start.sh|1611
scripts\quick-verify.sh|3046
scripts\run_playwright.cjs|194
scripts\s3-oac-policy.json|456
scripts\simple-cloudfront-fix.sh|2052
scripts\simple-cors-fix.sh|1336
scripts\smoke_ui.sh|985
scripts\surgical-apigateway-cors-fix.sh|4402
scripts\surgical-cloudfront-fix.sh|3666
scripts\surgical-intervention.sh|5684
scripts\test-api-connectivity.sh|829
scripts\test-backend-proactive.sh|1431
scripts\update-cloudfront-origin-policy.sh|1942
scripts\update-cors.sh|890
scripts\verify-surgical-fix.sh|5874
infra\acta-ui-secure-api-corrected.yaml|17101
infra\cognito-custom-domain.yaml|6447
infra\corrected-secure-api-template.yaml|15061
infra\MASTER-PRODUCTION-TEMPLATE.yaml|17101
infra\template-conflict-free.yaml|13311
infra\template-core.yaml|987
infra\template-secure-cognito-auth.yaml|16724
infra\template-simplified-lambda.yaml|6686
infra\template-wiring-complete.yaml|16445
infra\template-wiring-corrected.yaml|14959
tests\e2e.live.spec.ts|1009
tests\e2e.spec.ts|2781
tests\playwright.preload.js|675
tests\playwright.setup.ts|421
tests\setup-playwright.ts|861
tests\setup-vitest.ts|242
tests\smoke.test.ts|534
