.editorconfig|62
.env.development|413
.env.example|221
.env.production|5031
.eslintignore|326
.gitattributes|19
.gitignore|233
.npmrc|105
.nvmrc|4
acta-api-hardened-corrected.json|6204
acta-api-hardened-fixed.json|26728
acta-api-hardened.json|26742
acta-api-production-hardened.json|16368
acta-backend-hardened.json|19295
ACTA-UI-DOCUMENTATION.md|16001
ALL_ISSUES_RESOLVED_SUCCESS.md|3532
amplify.yml|1909
api-authorizers.json|1319
api-connectivity-test.js|12343
api-gateway-analysis.md|5325
API_GATEWAY_ANALYSIS.md|2726
API_GATEWAY_FINAL_SUMMARY.md|4237
API_GATEWAY_HARDENING_REPORT.md|6971
auth-diagnosis.png|252329
auth-fix-diagnostic.sh|3758
auth-patterns-guide.md|1687
auth-test-report.json|1415
AUTHENTICATION-FIX.md|11867
AUTHENTICATION-FLOW.md|6901
AUTHENTICATION_FLOW_DOCUMENTATION.md|17007
aws-exports-deployed.js|1018
aws-exports.js|2546
browser-debug-instructions.txt|1459
build-file-diff.patch|2060124
BUNDLE_OPTIMIZATION_COMPLETE.md|5845
button-test-runner.html|7981
BUTTON-TESTING-GUIDE.md|3317
BUTTON_CONNECTIVITY_VALIDATION.md|12635
CHANGE_VERIFICATION_REPORT.md|4294
check-aws-exports-in-prod.sh|3363
check-token-auth.js|4592
cognito-signin-preview.html|9862
COGNITO_FIXES_APPLIED.md|2079
COGNITO_TEST_RESULTS.md|2911
COGNITO_VISUAL_ENHANCEMENTS_FINAL_REPORT.md|4975
commitlint.config.cjs|70
comprehensive-localhost-cors-fix.sh|2993
comprehensive-validation.js|5255
COMPREHENSIVE_BUTTON_VALIDATION_REPORT.md|2083
COMPREHENSIVE_CONNECTIVITY_CHECKLIST.md|9787
corrected-aws-exports.js|1623
create-unauthenticated-role.sh|2475
CRITICAL_CONNECTIVITY_CHECKLIST.md|9480
CSS_BUILD_FIX_REPORT.md|2748
current.build.map|1752
DASHBOARD_VISUAL_REPRESENTATION.md|35483
debug-amplify.js|1396
debug-api-fetch-error.sh|4724
debug-auth-token.js|1552
debug-failed-fetch.html|8923
debug-identity-pool.js|2952
debug-jwt-production.cjs|4994
debug-jwt-production.js|4994
deploy-fix.sh|4302
deploy-production.sh|9202
deploy-to-s3-cloudfront.sh|3949
DEPLOYMENT_SUCCESS_FINAL_REPORT.md|4402
DEPLOYMENT_VERIFICATION_FINDINGS.md|3253
DESIGN_REVIEW.md|3983
diagnose-and-fix-fetch-error.sh|13280
diagnose-api-connectivity.sh|4250
diagnose-build-completeness.js|8345
diagnose-cognito-auth.sh|4850
diagnose-cognito-config.sh|4567
DOCUMENTATION_INDEX.md|3980
e2e-button-test.js|16581
end-to-end-validation.cjs|10401
end-to-end-validation.js|10401
enhanced-s3-auth-debug.js|0
extract-working-cognito.sh|7637
FINAL_VALIDATION_REPORT.md|4507
fix-api-config-corrected.cjs|7463
fix-api-config-sot.cjs|7558
fix-api-gateway-corrected.sh|9334
fix-api-gateway-simple.sh|5824
fix-api-gateway.sh|12328
fix-auth-aws-exports.sh|1386
fix-auth-config.sh|15822
fix-auth-flow-complete.sh|2467
fix-aws-amplify-imports.sh|10658
fix-aws-exports-browser.sh|12062
fix-aws-exports-cognito-domain.sh|1601
fix-aws-exports-location.sh|2495
fix-cognito-config.sh|1126
fix-cors-complete-production.sh|4884
fix-fetchWrapper-integration.sh|6109
fix-s3-cloudfront-paths.sh|3165
fix-s3-mime-types.sh|3576
index.html|503
index.html.bak|529
july10.build.map|1396684
july8th-deployment-verification.js|5538
LICENSE|1076
MAINTENANCE-GUIDE.md|7327
Makefile|68
package.json|6648
pnpm-lock.yaml|436276
pre-deployment-config.yml|9931
production-test-suite.sh|10400
production-test.png|105976
PRODUCTION_DEPLOYMENT_ASSESSMENT.md|3668
PRODUCTION_READINESS_REPORT.md|5537
PRODUCTION_TEST_RESULTS.md|4879
PRODUCTION_VALIDATION_SUCCESS_REPORT.md|4322
PROJECT_STATUS_COMPREHENSIVE.md|4755
quick-auth-test.js|2946
rebuild-amplify-fixed.sh|4786
rebuild-production-amplify-complete.sh|7979
restore-s3-versions.sh|4451
simple-auth-test.js|4882
SURGICAL_INTERVENTION_README.md|5060
tailwind.config.js|1235
temp-cors-localhost-fix.sh|2367
test-api-auth-fixed.js|5184
test-api-auth.js|3931
test-api-buttons.sh|9749
test-api-connectivity.cjs|12514
test-api-direct.js|3705
test-api-simple.js|3407
test-auth-fixes.sh|1129
test-auth-flow.js|15509
test-auth-flow.sh|2946
test-auth-production.js|4027
test-buttons-e2e.sh|2387
test-buttons.sh|2098
test-cognito-auth.js|5787
test-cognito-login.js|680
test-components-production.js|7254
test-connectivity-with-auth.js|6174
test-dashboard-buttons.html|8801
test-dashboard-buttons.js|13414
test-dynamo-components.js|5627
test-extract-project-place.js|6050
test-frontend-fetch.js|4044
test-full-app-flow.js|8908
test-production.js|37177
test-ui-buttons.sh|2471
test-with-auth-bypass.js|7405
tsconfig.json|1073
UI_DATA_MAPPING.md|12828
update-cognito-branding-aws-safe.sh|3629
validate-auth-flow.sh|3693
validate-aws-config.cjs|9840
validate-aws-config.js|9753
validate-aws-exports-consistency.cjs|3506
validate-build-completeness.sh|0
validate-connectivity.sh|2554
validate-dashboard-buttons.cjs|11880
validate-dashboard-buttons.js|11879
validate-dashboard-structure.js|12545
validate-env-production.cjs|3118
validate-jwt-auth.js|5147
VALIDATION_REPORT.md|1621
verify-amplify-config.js|673
verify-auth-in-build.sh|2584
verify-bundle-components.js|8330
verify-bundle-improved.cjs|7975
verify-bundle-improved.js|7975
verify-bundle.cjs|1379
vite.config.ts|2663
vite.config.ts.bak|2240
vitest.config.ts|386
working-bundle.js|1207911
WORKSPACE_CLEANUP_COMPLETE.md|4765
WORKSPACE_CLEANUP_PLAN.md|2251
.devcontainer\devcontainer.json|475
.husky\commit-msg|30
.husky\pre-commit|14
.husky\_\.gitignore|1
.husky\_\applypatch-msg|39
.husky\_\commit-msg|39
.husky\_\h|551
.husky\_\husky.sh|160
.husky\_\post-applypatch|39
.husky\_\post-checkout|39
.husky\_\post-commit|39
.husky\_\post-merge|39
.husky\_\post-rewrite|39
.husky\_\pre-applypatch|39
.husky\_\pre-auto-gc|39
.husky\_\pre-commit|39
.husky\_\pre-merge-commit|39
.husky\_\pre-push|39
.husky\_\pre-rebase|39
.husky\_\prepare-commit-msg|39
.run\wallaby-vitest.run.xml|311
.storybook\main.js|344
.storybook\preview-head.html|45
.storybook\preview.js|175
.vscode\extensions.json|87
.vscode\settings.json|659
amplify\backend\api\exampleAPI|344
amplify\backend\auth\custom-auth-setup|1048
archive\Dashboard-Clean.tsx|9444
archive\README.md|28353
aws\install|4047
aws\README.md|1465
aws\THIRD_PARTY_LICENSES|66216
cognito-extraction\working-aws-exports.js|795
cognito-extraction\working-bundle.js|1207911
deployment-backup-20250712-200236\.env.production|5031
deployment-backup-20250712-200236\aws-exports.js|2441
deployment-backup-20250712-200236\dist-backup\api-diagnostic.js|4039
deployment-backup-20250712-200236\dist-backup\auth-flow-test.js|6678
deployment-backup-20250712-200236\dist-backup\auth-role-validation-test.js|5659
deployment-backup-20250712-200236\dist-backup\aws-exports.js|3676
deployment-backup-20250712-200236\dist-backup\button-functionality-test.js|7175
deployment-backup-20250712-200236\dist-backup\button-test-runner.html|15806
deployment-backup-20250712-200236\dist-backup\comprehensive-auth-api-test.js|6513
deployment-backup-20250712-200236\dist-backup\dynamo-connectivity-test.html|18331
deployment-backup-20250712-200236\dist-backup\index.html|829
deployment-backup-20250712-200236\dist-backup\navigation-button-test.js|8859
deployment-backup-20250712-200236\dist-backup\production-readiness-validation.js|8004
deployment-backup-20250712-200236\dist-backup\robots.txt|23
deployment-backup-20250712-200236\dist-backup\assets\chunk-ch2AWsgG.js|126016
deployment-backup-20250712-200236\dist-backup\assets\chunk-D8vxuQkl.js|8484
deployment-backup-20250712-200236\dist-backup\assets\chunk-UNRytOZD.js|134373
deployment-backup-20250712-200236\dist-backup\assets\ikusi-logo.png|23332
deployment-backup-20250712-200236\dist-backup\assets\index-BtnCUlpj.css|352825
deployment-backup-20250712-200236\dist-backup\assets\index-CAyoIgL0.js|753985
deployment-backup-20250712-200236\dist-backup\assets\PDFPreview-BSAO70O6.js|3320
dist\ACTA-UI Dashboard.md|10271
dist\api-diagnostic.js|4039
dist\auth-flow-test.js|6678
dist\auth-role-validation-test.js|5659
dist\aws-exports.js|3676
dist\button-functionality-test.js|7175
dist\button-test-runner.html|15806
dist\comprehensive-auth-api-test.js|6513
dist\dynamo-connectivity-test.html|18331
dist\index.html|829
dist\navigation-button-test.js|8859
dist\production-readiness-validation.js|8004
dist\robots.txt|23
dist\assets\chunk-D8vxuQkl.js|8484
dist\assets\chunk-oPMUfnhW.js|126022
dist\assets\chunk-UNRytOZD.js|134373
dist\assets\ikusi-logo.png|23332
dist\assets\index-C8xPrA9D.css|351917
dist\assets\index-CiyI2hSn.js|753792
dist\assets\PDFPreview-CsNHLXAq.js|3320
dist\assets\icons\favicon-dark-16.png|680
dist\assets\icons\favicon-dark.png|1247
dist\assets\icons\favicon-light-16.png|631
dist\assets\icons\favicon-light.png|1305
infra\acta-ui-secure-api-corrected.yaml|17101
infra\cognito-custom-domain.yaml|6447
infra\corrected-secure-api-template.yaml|15061
infra\MASTER-PRODUCTION-TEMPLATE.yaml|17101
infra\template-conflict-free.yaml|13311
infra\template-core.yaml|987
infra\template-secure-cognito-auth.yaml|16724
infra\template-simplified-lambda.yaml|6686
infra\template-wiring-complete.yaml|16445
infra\template-wiring-corrected.yaml|14959
public\ACTA-UI Dashboard.md|10271
public\api-diagnostic.js|4039
public\auth-flow-test.js|6678
public\auth-role-validation-test.js|5659
public\aws-exports.js|3676
public\button-functionality-test.js|7175
public\button-test-runner.html|15806
public\comprehensive-auth-api-test.js|6513
public\dynamo-connectivity-test.html|18331
public\index.html|424
public\navigation-button-test.js|8859
public\production-readiness-validation.js|8004
public\robots.txt|23
public\assets\ikusi-logo.png|23332
public\assets\icons\favicon-dark-16.png|680
public\assets\icons\favicon-dark.png|1247
public\assets\icons\favicon-light-16.png|631
public\assets\icons\favicon-light.png|1305
scripts\apigateway-cors-fix.sh|5321
scripts\apigateway-security-policy.sh|4102
scripts\bootstrap_upscale.sh|7040
scripts\check-env.ts|591
scripts\check_css.sh|410
scripts\cloudfront-header-fix.sh|3520
scripts\custom-origin-request-policy.json|372
scripts\debug-api-detailed.sh|1284
scripts\disable-conflicting-workflows.sh|1661
scripts\emergency-cors-fix.sh|1189
scripts\fix-all-cors.sh|4115
scripts\prepare.cjs|308
scripts\quick-start.sh|1611
scripts\quick-verify.sh|3046
scripts\run_playwright.cjs|194
scripts\s3-oac-policy.json|456
scripts\simple-cloudfront-fix.sh|2052
scripts\simple-cors-fix.sh|1336
scripts\smoke_ui.sh|985
scripts\surgical-apigateway-cors-fix.sh|4402
scripts\surgical-cloudfront-fix.sh|3666
scripts\surgical-intervention.sh|5684
scripts\test-api-connectivity.sh|829
scripts\test-backend-proactive.sh|1431
scripts\update-cloudfront-origin-policy.sh|1942
scripts\update-cors.sh|890
scripts\verify-surgical-fix.sh|5874
src\api-amplify.ts|5472
src\api.ts|13746
src\api.ts.fixed|12846
src\App.tsx|6953
src\aws-exports-clean.js|1370
src\aws-exports.js|2441
src\aws-exports.js.bak|2375
src\env.variables.ts|508
src\index.css|2048
src\index.html|449
src\main.tsx|4100
src\main.tsx.bak|726
src\sendProjectsForPM.ts|1843
src\tailwind.css|404
src\theme.ts|226
src\vite-env.d.ts|256
src\assets\ikusi-logo.png|23332
src\assets\icons\favicon-dark-16.png|680
src\assets\icons\favicon-dark.png|1247
src\assets\icons\favicon-light-16.png|631
src\assets\icons\favicon-light.png|1305
src\components\AuthDebugger.tsx|2281
src\components\Button.tsx|1633
src\components\DashboardTester.tsx|6977
src\components\DocumentStatus.tsx|3190
src\components\DynamoProjectsView.tsx|4518
src\components\EmailInputDialog.tsx|3115
src\components\Header.tsx|5825
src\components\Login.tsx|0
src\components\PDFPreview.tsx|5796
src\components\PMProjectManager.tsx|11961
src\components\ProjectTable.tsx|1844
src\components\Shell.tsx|1615
src\components\StatusChip.tsx|933
src\components\ActaButtons\ActaButtons.tsx|5882
src\components\App\index.stories.tsx|289
src\components\App\index.tsx|1112
src\components\App\styles.ts|292
src\components\AppHooksWrapper\index.tsx|193
src\components\Button\index.tsx|551
src\components\Button\types.ts|666
src\components\Counter\index.tsx|443
src\components\Counter\types.ts|308
src\components\LoadingMessage\index.stories.tsx|558
src\components\LoadingMessage\index.tsx|601
src\components\PDFPreview\index.ts|41
src\components\PDFPreview\index.tsx|41
src\components\PDFPreview\PDFPreview.tsx|2769
src\components\PDFPreview\PDFViewerCore.tsx|5949
src\hooks\useAuth.ts|3242
src\hooks\useAuthContext.tsx|2183
src\hooks\useIdleLogout.ts|890
src\hooks\useThemedFavicon.ts|767
src\lib\api-amplify.ts|5472
src\lib\api.ts|15048
src\lib\api.ts.fixed|12846
src\pages\AdminDashboard.tsx|7739
src\pages\Dashboard.tsx|9729
src\pages\Login.tsx|22452
src\styles\amplify-overrides.css|253
src\styles\variables.css|4192
src\types\window.d.ts|82
src\utils\authFlowTest.ts|3471
src\utils\authTesting.ts|3169
src\utils\backendDiagnostic.ts|2059
src\utils\dashboardTesting.ts|43425
src\utils\fetchWrapper.ts|3627
tests\e2e.live.spec.ts|1009
tests\e2e.spec.ts|2781
tests\playwright.preload.js|675
tests\playwright.setup.ts|421
tests\setup-playwright.ts|861
tests\setup-vitest.ts|242
tests\smoke.test.ts|534
